// Jest Snapshot v1, https://goo.gl/fbAQLP

exports[`TxTableRowListItem component renders correctly 1`] = `
.emotion-7 {
  font-size: 12px;
  line-height: 2.5;
  background-color: #e4edf9;
}

.emotion-7:hover {
  cursor: pointer;
}

.emotion-0 {
  border: 1px solid #b4c1ec;
  padding: 0px 6px;
}

.emotion-6 {
  border: 1px solid #b4c1ec;
  padding: 0px 6px;
  direction: rtl;
}

<tr
  className="emotion-7"
  data-testid="transaction-3810c583-1307-4433-8900-8ad6d743f13d"
  onClick={[Function]}
>
  <td
    className="emotion-0"
    data-testid="transaction-3810c583-1307-4433-8900-8ad6d743f13d-date"
  >
    Mar 11
  </td>
  <td
    className="emotion-0"
    data-testid="transaction-3810c583-1307-4433-8900-8ad6d743f13d-userName"
  >
    John Doe
  </td>
  <td
    className="emotion-0"
    data-testid="transaction-3810c583-1307-4433-8900-8ad6d743f13d-description"
  >
    Test
  </td>
  <td
    className="emotion-0"
    data-testid="transaction-3810c583-1307-4433-8900-8ad6d743f13d-merchantName"
  >
    Taco Bell
  </td>
  <td
    className="emotion-0"
    data-testid="transaction-3810c583-1307-4433-8900-8ad6d743f13d-category"
  >
    Restaurant
  </td>
  <td
    className="emotion-0"
    data-testid="transaction-3810c583-1307-4433-8900-8ad6d743f13d-filler"
  >
    
  </td>
  <td
    className="emotion-6"
    data-testid="transaction-3810c583-1307-4433-8900-8ad6d743f13d-amount"
  >
    1 $ +
  </td>
</tr>
`;
