// Jest Snapshot v1, https://goo.gl/fbAQLP

exports[`TxTableRowList component renders correctly 1`] = `
.emotion-6 {
  font-size: 12px;
  line-height: 2;
}

.emotion-0 {
  border: 1px solid #b4c1ec;
  padding: 0px 6px;
}

<tr
  className="emotion-6"
  data-testid="transaction-782a1d8d-08dc-4ef8-bab0-d922038971a2"
>
  <td
    className="emotion-0"
    data-testid="transaction-782a1d8d-08dc-4ef8-bab0-d922038971a2-date"
  >
    Mar 12
  </td>
  <td
    className="emotion-0"
    data-testid="transaction-782a1d8d-08dc-4ef8-bab0-d922038971a2-userName"
  >
    Bobby Smith
  </td>
  <td
    className="emotion-0"
    data-testid="transaction-782a1d8d-08dc-4ef8-bab0-d922038971a2-description"
  >
    Hot Dogs
  </td>
  <td
    className="emotion-0"
    data-testid="transaction-782a1d8d-08dc-4ef8-bab0-d922038971a2-merchantName"
  >
    Taco Bell
  </td>
  <td
    className="emotion-0"
    data-testid="transaction-782a1d8d-08dc-4ef8-bab0-d922038971a2-category"
  >
    Medical
  </td>
  <td
    className="emotion-0"
    data-testid="transaction-782a1d8d-08dc-4ef8-bab0-d922038971a2-amount"
  >
    $3.04
  </td>
</tr>
`;
